[0.006s][info][gc] Using Parallel
[0.101s][info][gc] GC(0) Pause Young (Allocation Failure) 3M->1M(11M) 1.795ms
[4.579s][info][gc] GC(1) Pause Young (Allocation Failure) 4M->2M(11M) 1.967ms
[4.621s][info][gc] GC(2) Pause Young (Allocation Failure) 5M->3M(11M) 1.142ms
[4.670s][info][gc] GC(3) Pause Young (Allocation Failure) 6M->3M(11M) 1.512ms
[4.694s][info][gc] GC(4) Pause Young (Allocation Failure) 6M->4M(11M) 1.482ms
[6.422s][info][gc] GC(5) Pause Young (Allocation Failure) 7M->4M(10M) 0.863ms
[6.482s][info][gc] GC(6) Pause Young (Allocation Failure) 6M->5M(11M) 1.366ms
[6.504s][info][gc] GC(7) Pause Young (Allocation Failure) 7M->5M(11M) 0.825ms
[6.557s][info][gc] GC(8) Pause Young (Allocation Failure) 7M->5M(11M) 0.922ms
[6.625s][info][gc] GC(9) Pause Young (Allocation Failure) 7M->5M(11M) 1.301ms
[7.678s][info][gc] GC(10) Pause Young (Allocation Failure) 7M->6M(11M) 1.064ms
[21.679s][info][gc] GC(11) Pause Young (Allocation Failure) 8M->6M(11M) 0.493ms
[32.682s][info][gc] GC(12) Pause Young (Allocation Failure) 8M->7M(11M) 0.790ms
[32.697s][info][gc] GC(13) Pause Full (Ergonomics) 7M->5M(11M) 14.566ms
[46.689s][info][gc] GC(14) Pause Young (Allocation Failure) 7M->5M(11M) 0.468ms
[66.715s][info][gc] GC(15) Pause Young (Allocation Failure) 7M->5M(11M) 0.426ms
[88.709s][info][gc] GC(16) Pause Young (Allocation Failure) 7M->5M(11M) 0.329ms
[109.752s][info][gc] GC(17) Pause Young (Allocation Failure) 7M->5M(11M) 0.219ms
[131.770s][info][gc] GC(18) Pause Young (Allocation Failure) 7M->5M(11M) 0.251ms
[152.789s][info][gc] GC(19) Pause Young (Allocation Failure) 7M->5M(11M) 0.244ms
[174.807s][info][gc] GC(20) Pause Young (Allocation Failure) 7M->5M(11M) 0.255ms
[197.822s][info][gc] GC(21) Pause Young (Allocation Failure) 7M->5M(11M) 0.329ms
[219.837s][info][gc] GC(22) Pause Young (Allocation Failure) 7M->5M(11M) 0.346ms
[241.852s][info][gc] GC(23) Pause Young (Allocation Failure) 7M->5M(11M) 0.250ms
[264.799s][info][gc] GC(24) Pause Young (Allocation Failure) 7M->5M(11M) 0.293ms
[286.882s][info][gc] GC(25) Pause Young (Allocation Failure) 7M->5M(11M) 0.293ms
[307.899s][info][gc] GC(26) Pause Young (Allocation Failure) 7M->5M(11M) 0.272ms
[330.913s][info][gc] GC(27) Pause Young (Allocation Failure) 7M->5M(11M) 0.291ms
[352.929s][info][gc] GC(28) Pause Young (Allocation Failure) 7M->5M(11M) 0.265ms
[375.946s][info][gc] GC(29) Pause Young (Allocation Failure) 7M->5M(11M) 0.288ms
[397.961s][info][gc] GC(30) Pause Young (Allocation Failure) 7M->5M(11M) 0.257ms
[420.872s][info][gc] GC(31) Pause Young (Allocation Failure) 7M->5M(11M) 0.287ms
[442.993s][info][gc] GC(32) Pause Young (Allocation Failure) 7M->5M(11M) 0.249ms
[465.895s][info][gc] GC(33) Pause Young (Allocation Failure) 7M->5M(11M) 0.183ms
