[2024-07-15T16:26:07.273+0700][info][gc] Using G1
[2024-07-15T16:26:10.340+0700][info][gc] GC(0) Pause Young (Normal) (G1 Evacuation Pause) 4M->2M(12M) 5.180ms
[2024-07-15T16:26:10.397+0700][info][gc] GC(1) Pause Young (Normal) (G1 Evacuation Pause) 3M->2M(12M) 3.220ms
[2024-07-15T16:26:10.429+0700][info][gc] GC(2) Pause Young (Normal) (G1 Evacuation Pause) 3M->2M(12M) 1.662ms
[2024-07-15T16:26:10.492+0700][info][gc] GC(3) Pause Young (Normal) (G1 Evacuation Pause) 4M->2M(12M) 1.537ms
[2024-07-15T16:26:10.563+0700][info][gc] GC(4) Pause Young (Normal) (G1 Evacuation Pause) 4M->3M(12M) 2.888ms
[2024-07-15T16:26:10.611+0700][info][gc] GC(5) Pause Young (Normal) (G1 Evacuation Pause) 6M->4M(12M) 3.561ms
[2024-07-15T16:26:10.635+0700][info][gc] GC(6) Pause Young (Normal) (G1 Evacuation Pause) 6M->5M(12M) 3.119ms
[2024-07-15T16:26:10.683+0700][info][gc] GC(7) Pause Young (Normal) (G1 Evacuation Pause) 6M->4M(12M) 1.252ms
 [2024-07-15T16:26:10.855+0700][info][gc] GC(8) Pause Young (Normal) (G1 Evacuation Pause) 5M->4M(12M) 1.728ms
[2024-07-15T16:26:10.937+0700][info][gc] GC(9) Pause Young (Normal) (G1 Evacuation Pause) 5M->5M(12M) 1.863ms
[2024-07-15T16:26:11.081+0700][info][gc] GC(10) Pause Young (Normal) (G1 Evacuation Pause) 6M->5M(12M) 1.971ms
[2024-07-15T16:26:11.152+0700][info][gc] GC(11) Pause Young (Normal) (G1 Evacuation Pause) 6M->5M(12M) 2.890ms
[2024-07-15T16:26:11.214+0700][info][gc] GC(12) Pause Young (Concurrent Start) (G1 Evacuation Pause) 6M->5M(12M) 1.688ms
[2024-07-15T16:26:11.214+0700][info][gc] GC(13) Concurrent Mark Cycle
[2024-07-15T16:26:11.221+0700][info][gc] GC(13) Pause Remark 5M->5M(12M) 2.116ms
[2024-07-15T16:26:11.222+0700][info][gc] GC(13) Pause Cleanup 5M->5M(12M) 0.039ms
[2024-07-15T16:26:11.223+0700][info][gc] GC(13) Concurrent Mark Cycle 8.926ms
[2024-07-15T16:26:13.236+0700][info][gc] GC(14) Pause Young (Prepare Mixed) (G1 Evacuation Pause) 6M->5M(12M) 1.848ms
[2024-07-15T16:26:21.240+0700][info][gc] GC(15) Pause Young (Mixed) (G1 Evacuation Pause) 6M->4M(12M) 4.421ms
[2024-07-15T16:26:34.244+0700][info][gc] GC(16) Pause Young (Normal) (G1 Evacuation Pause) 6M->4M(12M) 1.866ms
[2024-07-15T16:26:46.765+0700][info][gc] GC(17) Pause Young (Concurrent Start) (G1 Humongous Allocation) 5M->4M(12M) 2.189ms
[2024-07-15T16:26:46.765+0700][info][gc] GC(18) Concurrent Undo Cycle
[2024-07-15T16:26:46.765+0700][info][gc] GC(18) Concurrent Undo Cycle 0.129ms
[2024-07-15T16:27:05.281+0700][info][gc] GC(19) Pause Young (Normal) (G1 Evacuation Pause) 7M->5M(12M) 1.909ms
[2024-07-15T16:27:16.493+0700][info][gc] GC(20) Pause Young (Concurrent Start) (G1 Humongous Allocation) 6M->5M(12M) 1.842ms
[2024-07-15T16:27:16.493+0700][info][gc] GC(21) Concurrent Mark Cycle
[2024-07-15T16:27:16.504+0700][info][gc] GC(21) Pause Remark 7M->7M(12M) 7.091ms
[2024-07-15T16:27:16.506+0700][info][gc] GC(21) Pause Cleanup 8M->8M(12M) 0.080ms
[2024-07-15T16:27:16.506+0700][info][gc] GC(21) Concurrent Mark Cycle 13.323ms
[2024-07-15T16:27:16.510+0700][info][gc] GC(22) Pause Young (Normal) (G1 Evacuation Pause) 8M->6M(12M) 2.046ms
[2024-07-15T16:27:16.520+0700][info][gc] GC(23) Pause Young (Concurrent Start) (G1 Evacuation Pause) 7M->6M(12M) 1.864ms
[2024-07-15T16:27:16.520+0700][info][gc] GC(24) Concurrent Mark Cycle
[2024-07-15T16:27:16.529+0700][info][gc] GC(24) Pause Remark 6M->6M(12M) 5.941ms
[2024-07-15T16:27:16.531+0700][info][gc] GC(24) Pause Cleanup 6M->6M(12M) 0.069ms
[2024-07-15T16:27:16.531+0700][info][gc] GC(24) Concurrent Mark Cycle 11.013ms
[2024-07-15T16:27:16.536+0700][info][gc] GC(25) Pause Young (Normal) (G1 Evacuation Pause) 7M->6M(12M) 1.749ms
[2024-07-15T16:27:16.540+0700][info][gc] GC(26) Pause Young (Concurrent Start) (G1 Evacuation Pause) 7M->6M(12M) 1.976ms
[2024-07-15T16:27:16.540+0700][info][gc] GC(27) Concurrent Mark Cycle
[2024-07-15T16:27:16.543+0700][info][gc] GC(28) Pause Young (Normal) (G1 Evacuation Pause) 7M->6M(12M) 1.235ms
[2024-07-15T16:27:16.549+0700][info][gc] GC(27) Pause Remark 7M->7M(12M) 3.591ms
[2024-07-15T16:27:16.550+0700][info][gc] GC(29) Pause Young (Normal) (G1 Evacuation Pause) 7M->6M(12M) 1.532ms
[2024-07-15T16:27:16.552+0700][info][gc] GC(27) Pause Cleanup 7M->7M(12M) 0.038ms
[2024-07-15T16:27:16.552+0700][info][gc] GC(27) Concurrent Mark Cycle 12.334ms
[2024-07-15T16:27:16.554+0700][info][gc] GC(30) Pause Young (Normal) (G1 Evacuation Pause) 7M->6M(12M) 1.604ms
[2024-07-15T16:27:16.557+0700][info][gc] GC(31) Pause Young (Concurrent Start) (G1 Evacuation Pause) 7M->6M(12M) 1.347ms
[2024-07-15T16:27:16.557+0700][info][gc] GC(32) Concurrent Mark Cycle
[2024-07-15T16:27:16.561+0700][info][gc] GC(33) Pause Young (Normal) (G1 Evacuation Pause) 7M->6M(12M) 1.257ms
[2024-07-15T16:27:16.563+0700][info][gc] GC(34) Pause Young (Normal) (G1 Evacuation Pause) 7M->6M(12M) 0.927ms
[2024-07-15T16:27:16.571+0700][info][gc] GC(32) Pause Remark 7M->7M(12M) 6.484ms
[2024-07-15T16:27:16.573+0700][info][gc] GC(35) Pause Young (Normal) (G1 Evacuation Pause) 7M->6M(12M) 0.868ms
[2024-07-15T16:27:16.574+0700][info][gc] GC(32) Pause Cleanup 7M->7M(12M) 0.033ms
[2024-07-15T16:27:16.575+0700][info][gc] GC(32) Concurrent Mark Cycle 17.003ms
[2024-07-15T16:27:16.576+0700][info][gc] GC(36) Pause Young (Normal) (G1 Evacuation Pause) 7M->6M(12M) 0.608ms
[2024-07-15T16:27:16.579+0700][info][gc] GC(37) Pause Young (Concurrent Start) (G1 Evacuation Pause) 7M->6M(12M) 0.670ms
[2024-07-15T16:27:16.579+0700][info][gc] GC(38) Concurrent Mark Cycle
[2024-07-15T16:27:16.581+0700][info][gc] GC(39) Pause Young (Normal) (G1 Evacuation Pause) 7M->6M(12M) 0.622ms
[2024-07-15T16:27:16.597+0700][info][gc] GC(40) Pause Young (Normal) (G1 Evacuation Pause) 7M->6M(12M) 0.856ms
[2024-07-15T16:27:16.603+0700][info][gc] GC(38) Pause Remark 7M->7M(12M) 5.477ms
[2024-07-15T16:27:16.605+0700][info][gc] GC(38) Pause Cleanup 7M->7M(12M) 0.053ms
[2024-07-15T16:27:16.606+0700][info][gc] GC(41) Pause Young (Normal) (G1 Evacuation Pause) 7M->6M(12M) 0.578ms
[2024-07-15T16:27:16.606+0700][info][gc] GC(38) Concurrent Mark Cycle 27.741ms
[2024-07-15T16:27:16.608+0700][info][gc] GC(42) Pause Young (Normal) (G1 Evacuation Pause) 7M->7M(12M) 0.359ms
[2024-07-15T16:27:16.610+0700][info][gc] GC(43) Pause Young (Concurrent Start) (G1 Evacuation Pause) 8M->7M(12M) 0.574ms
[2024-07-15T16:27:16.610+0700][info][gc] GC(44) Concurrent Mark Cycle
[2024-07-15T16:27:16.612+0700][info][gc] GC(45) Pause Young (Normal) (G1 Evacuation Pause) 8M->7M(12M) 0.338ms
[2024-07-15T16:27:16.618+0700][info][gc] GC(44) Pause Remark 8M->8M(12M) 3.583ms
[2024-07-15T16:27:16.619+0700][info][gc] GC(46) Pause Young (Normal) (G1 Evacuation Pause) 8M->7M(12M) 0.583ms
[2024-07-15T16:27:16.621+0700][info][gc] GC(44) Pause Cleanup 7M->7M(12M) 0.031ms
[2024-07-15T16:27:16.621+0700][info][gc] GC(44) Concurrent Mark Cycle 10.315ms
[2024-07-15T16:27:16.621+0700][info][gc] GC(47) Pause Young (Normal) (G1 Evacuation Pause) 8M->7M(12M) 0.331ms
[2024-07-15T16:27:16.623+0700][info][gc] GC(48) Pause Young (Concurrent Start) (G1 Evacuation Pause) 8M->7M(12M) 0.623ms
[2024-07-15T16:27:16.623+0700][info][gc] GC(49) Concurrent Mark Cycle
[2024-07-15T16:27:16.626+0700][info][gc] GC(50) Pause Young (Normal) (G1 Evacuation Pause) 8M->7M(12M) 0.455ms
[2024-07-15T16:27:16.629+0700][info][gc] GC(49) Pause Remark 8M->8M(12M) 2.464ms
[2024-07-15T16:27:16.630+0700][info][gc] GC(51) Pause Young (Normal) (G1 Evacuation Pause) 8M->7M(12M) 0.444ms
[2024-07-15T16:27:16.632+0700][info][gc] GC(49) Pause Cleanup 8M->8M(12M) 0.056ms
[2024-07-15T16:27:16.632+0700][info][gc] GC(49) Concurrent Mark Cycle 7.965ms
[2024-07-15T16:27:16.632+0700][info][gc] GC(52) Pause Young (Normal) (G1 Evacuation Pause) 8M->7M(12M) 0.356ms
[2024-07-15T16:27:16.634+0700][info][gc] GC(53) Pause Young (Concurrent Start) (G1 Humongous Allocation) 8M->7M(12M) 0.503ms
[2024-07-15T16:27:16.634+0700][info][gc] GC(54) Concurrent Mark Cycle
[2024-07-15T16:27:16.640+0700][info][gc] GC(54) Pause Remark 8M->8M(12M) 2.717ms
[2024-07-15T16:27:16.641+0700][info][gc] GC(54) Pause Cleanup 8M->8M(12M) 0.063ms
[2024-07-15T16:27:16.642+0700][info][gc] GC(54) Concurrent Mark Cycle 6.987ms
[2024-07-15T16:27:20.403+0700][info][gc] GC(55) Pause Young (Normal) (G1 Evacuation Pause) 9M->6M(12M) 1.311ms
[2024-07-15T16:27:30.414+0700][info][gc] GC(56) Pause Young (Concurrent Start) (G1 Evacuation Pause) 7M->6M(12M) 1.425ms
[2024-07-15T16:27:30.414+0700][info][gc] GC(57) Concurrent Mark Cycle
[2024-07-15T16:27:30.423+0700][info][gc] GC(57) Pause Remark 6M->6M(12M) 4.163ms
[2024-07-15T16:27:30.425+0700][info][gc] GC(57) Pause Cleanup 6M->6M(12M) 0.051ms
[2024-07-15T16:27:30.425+0700][info][gc] GC(57) Concurrent Mark Cycle 11.021ms
[2024-07-15T16:27:39.453+0700][info][gc] GC(58) Pause Young (Normal) (G1 Evacuation Pause) 7M->5M(12M) 1.135ms
[2024-07-15T16:27:47.908+0700][info][gc] GC(59) Pause Young (Concurrent Start) (G1 Humongous Allocation) 6M->5M(12M) 1.143ms
[2024-07-15T16:27:47.908+0700][info][gc] GC(60) Concurrent Mark Cycle
[2024-07-15T16:27:47.919+0700][info][gc] GC(60) Pause Remark 6M->6M(12M) 5.621ms
[2024-07-15T16:27:47.921+0700][info][gc] GC(60) Pause Cleanup 6M->6M(12M) 0.066ms
[2024-07-15T16:27:47.921+0700][info][gc] GC(60) Concurrent Mark Cycle 12.361ms
[2024-07-15T16:28:07.646+0700][info][gc] GC(61) Pause Young (Normal) (G1 Evacuation Pause) 8M->5M(12M) 0.987ms
[2024-07-15T16:28:26.837+0700][info][gc] GC(62) Pause Young (Concurrent Start) (G1 Evacuation Pause) 7M->5M(12M) 1.025ms
[2024-07-15T16:28:26.837+0700][info][gc] GC(63) Concurrent Mark Cycle
[2024-07-15T16:28:26.846+0700][info][gc] GC(63) Pause Remark 5M->5M(12M) 3.649ms
[2024-07-15T16:28:26.848+0700][info][gc] GC(63) Pause Cleanup 5M->5M(12M) 0.034ms
[2024-07-15T16:28:26.848+0700][info][gc] GC(63) Concurrent Mark Cycle 10.165ms
[2024-07-15T16:28:43.928+0700][info][gc] GC(64) Pause Young (Concurrent Start) (G1 Humongous Allocation) 7M->5M(12M) 1.235ms
[2024-07-15T16:28:43.928+0700][info][gc] GC(65) Concurrent Mark Cycle
[2024-07-15T16:28:43.938+0700][info][gc] GC(65) Pause Remark 6M->6M(12M) 5.361ms
[2024-07-15T16:28:43.940+0700][info][gc] GC(65) Pause Cleanup 6M->6M(12M) 0.053ms
[2024-07-15T16:28:43.940+0700][info][gc] GC(65) Concurrent Mark Cycle 12.446ms
[2024-07-15T16:29:03.199+0700][info][gc] GC(66) Pause Young (Normal) (G1 Evacuation Pause) 8M->6M(12M) 0.888ms
[2024-07-15T16:29:12.275+0700][info][gc] GC(67) Pause Young (Concurrent Start) (G1 Evacuation Pause) 7M->6M(12M) 0.921ms
[2024-07-15T16:29:12.275+0700][info][gc] GC(68) Concurrent Mark Cycle
[2024-07-15T16:29:12.282+0700][info][gc] GC(68) Pause Remark 6M->6M(12M) 3.496ms
[2024-07-15T16:29:12.283+0700][info][gc] GC(68) Pause Cleanup 6M->6M(12M) 0.030ms
[2024-07-15T16:29:12.283+0700][info][gc] GC(68) Concurrent Mark Cycle 8.625ms
[2024-07-15T16:29:21.343+0700][info][gc] GC(69) Pause Young (Normal) (G1 Evacuation Pause) 7M->6M(12M) 0.786ms
[2024-07-15T16:29:30.426+0700][info][gc] GC(70) Pause Young (Concurrent Start) (G1 Evacuation Pause) 7M->6M(12M) 0.917ms
[2024-07-15T16:29:30.426+0700][info][gc] GC(71) Concurrent Mark Cycle
[2024-07-15T16:29:30.433+0700][info][gc] GC(71) Pause Remark 6M->6M(12M) 3.325ms
[2024-07-15T16:29:30.435+0700][info][gc] GC(71) Pause Cleanup 6M->6M(12M) 0.045ms
[2024-07-15T16:29:30.435+0700][info][gc] GC(71) Concurrent Mark Cycle 8.633ms
[2024-07-15T16:29:39.501+0700][info][gc] GC(72) Pause Young (Normal) (G1 Evacuation Pause) 7M->6M(12M) 0.895ms
[2024-07-15T16:29:48.586+0700][info][gc] GC(73) Pause Young (Concurrent Start) (G1 Evacuation Pause) 7M->6M(12M) 0.928ms
[2024-07-15T16:29:48.586+0700][info][gc] GC(74) Concurrent Mark Cycle
[2024-07-15T16:29:48.593+0700][info][gc] GC(74) Pause Remark 6M->6M(12M) 3.536ms
[2024-07-15T16:29:48.609+0700][info][gc] GC(74) Pause Cleanup 6M->6M(12M) 0.046ms
[2024-07-15T16:29:48.613+0700][info][gc] GC(74) Concurrent Mark Cycle 27.074ms
[2024-07-15T16:29:57.667+0700][info][gc] GC(75) Pause Young (Normal) (G1 Evacuation Pause) 7M->5M(12M) 1.108ms
[2024-07-15T16:30:15.807+0700][info][gc] GC(76) Pause Young (Concurrent Start) (G1 Evacuation Pause) 7M->5M(12M) 1.144ms
[2024-07-15T16:30:15.807+0700][info][gc] GC(77) Concurrent Mark Cycle
[2024-07-15T16:30:15.814+0700][info][gc] GC(77) Pause Remark 5M->5M(12M) 3.775ms
[2024-07-15T16:30:15.816+0700][info][gc] GC(77) Pause Cleanup 5M->5M(12M) 0.054ms
[2024-07-15T16:30:15.816+0700][info][gc] GC(77) Concurrent Mark Cycle 9.457ms