[2024-07-15T17:08:07.154+0700][info][gc] Using The Z Garbage Collector
[2024-07-15T17:08:07.306+0700][info][gc] GC(0) Garbage Collection (Warmup) 6M(17%)->4M(11%)
[2024-07-15T17:08:14.811+0700][info][gc] GC(1) Garbage Collection (Warmup) 8M(22%)->6M(17%)
[2024-07-15T17:08:15.042+0700][info][gc] GC(2) Garbage Collection (Warmup) 14M(39%)->10M(28%)
[2024-07-15T17:08:15.214+0700][info][gc] GC(3) Garbage Collection (Allocation Rate) 16M(44%)->8M(22%)
[2024-07-15T17:08:18.421+0700][info][gc] GC(4) Garbage Collection (Proactive) 16M(44%)->10M(28%)
[2024-07-15T17:08:36.014+0700][info][gc] GC(5) Garbage Collection (Proactive) 14M(39%)->8M(22%)
[2024-07-15T17:08:38.118+0700][info][gc] GC(6) Garbage Collection (Proactive) 12M(33%)->10M(28%)
[2024-07-15T17:08:49.119+0700][info][gc] GC(7) Garbage Collection (Proactive) 14M(39%)->10M(28%)
[2024-07-15T17:09:00.715+0700][info][gc] Allocation Stall (main) 18.440ms
[2024-07-15T17:09:00.719+0700][info][gc] GC(8) Garbage Collection (Allocation Rate) 32M(89%)->20M(56%)
[2024-07-15T17:09:00.814+0700][info][gc] GC(9) Garbage Collection (Allocation Stall) 26M(72%)->8M(22%)
[2024-07-15T17:09:00.921+0700][info][gc] GC(10) Garbage Collection (Allocation Rate) 8M(22%)->8M(22%)
[2024-07-15T17:09:01.018+0700][info][gc] GC(11) Garbage Collection (Allocation Rate) 8M(22%)->10M(28%)
 [2024-07-15T17:09:01.117+0700][info][gc] GC(12) Garbage Collection (Allocation Rate) 10M(28%)->8M(22%)
[2024-07-15T17:09:01.211+0700][info][gc] GC(13) Garbage Collection (Allocation Rate) 8M(22%)->8M(22%)
[2024-07-15T17:09:13.216+0700][info][gc] GC(14) Garbage Collection (Proactive) 12M(33%)->8M(22%)
[2024-07-15T17:09:22.214+0700][info][gc] GC(15) Garbage Collection (Proactive) 12M(33%)->8M(22%)
[2024-07-15T17:09:34.320+0700][info][gc] GC(16) Garbage Collection (Proactive) 12M(33%)->10M(28%)
[2024-07-15T17:09:42.420+0700][info][gc] GC(17) Garbage Collection (Proactive) 14M(39%)->8M(22%)
[2024-07-15T17:09:55.612+0700][info][gc] GC(18) Garbage Collection (Proactive) 12M(33%)->8M(22%)
[2024-07-15T17:10:00.231+0700][info][gc] GC(19) Garbage Collection (Proactive) 12M(33%)->10M(28%)
[2024-07-15T17:10:14.702+0700][info][gc] GC(20) Garbage Collection (Proactive) 14M(39%)->10M(28%)
[2024-07-15T17:10:29.713+0700][info][gc] GC(21) Garbage Collection (Proactive) 14M(39%)->10M(28%)
[2024-07-15T17:10:43.007+0700][info][gc] GC(22) Garbage Collection (Proactive) 14M(39%)->10M(28%)
[2024-07-15T17:10:58.103+0700][info][gc] GC(23) Garbage Collection (Proactive) 14M(39%)->10M(28%)
[2024-07-15T17:11:13.307+0700][info][gc] GC(24) Garbage Collection (Proactive) 14M(39%)->10M(28%)
[2024-07-15T17:11:26.414+0700][info][gc] GC(25) Garbage Collection (Proactive) 14M(39%)->8M(22%)
[2024-07-15T17:11:41.517+0700][info][gc] GC(26) Garbage Collection (Proactive) 12M(33%)->8M(22%)